<!--
- [ ] #task Task 1 in 'embedded_blocks_issue_3505'
- [ ] #task Task 2 in 'embedded_blocks_issue_3505' ^task-without-codeblock
-->

<div>
  <ul class="contains-task-list plugin-tasks-query-result tasks-layout-hide-urgency">
    <li
      class="task-list-item plugin-tasks-list-item"
      data-task-priority="normal"
      data-task=""
      data-line="0"
      data-task-status-name="Todo"
      data-task-status-type="TODO">
      <input class="task-list-item-checkbox" type="checkbox" title="Right-click for options" data-line="0" />
      <span class="tasks-list-text">
        <span class="task-description"><span>#task Task 1 in 'embedded_blocks_issue_3505'</span></span>
      </span>
      <span class="task-extras">
        <span class="tasks-backlink">
          (
          <a rel="noopener" target="_blank" class="internal-link">embedded_blocks_issue_3505 &gt; Tasks</a>
          )
        </span>
        <a class="tasks-edit" title="Edit task" href="#"></a>
      </span>
    </li>
    <li
      class="task-list-item plugin-tasks-list-item"
      data-task-priority="normal"
      data-task=""
      data-line="1"
      data-task-status-name="Todo"
      data-task-status-type="TODO">
      <input class="task-list-item-checkbox" type="checkbox" title="Right-click for options" data-line="1" />
      <span class="tasks-list-text">
        <span class="task-description"><span>#task Task 2 in 'embedded_blocks_issue_3505'</span></span>
        <span class="task-block-link"><span>^task-without-codeblock</span></span>
      </span>
      <span class="task-extras">
        <span class="tasks-backlink">
          (
          <a rel="noopener" target="_blank" class="internal-link">embedded_blocks_issue_3505 &gt; Tasks</a>
          )
        </span>
        <a class="tasks-edit" title="Edit task" href="#"></a>
      </span>
    </li>
  </ul>
  <div class="task-count">2 tasks</div>
</div>
